// Jest Snapshot v1, https://goo.gl/fbAQLP

exports[`When data is ready should render without crashing 1`] = `
<body>
  <div>
    <div>
      <div
        class="settings _2rBeV _1z7Bn"
      >
        
        <div
          class="_Z0bIQ"
        >
          <div
            class="_3Loey _BNV4_"
            style="height: 40px;"
          >
            admin@konstellation.io
          </div>
          <div
            class="_3bqns"
            style="max-height: 0;"
          />
        </div>
      </div>
    </div>
  </div>
</body>
`;
