// Jest Snapshot v1, https://goo.gl/fbAQLP

exports[`When data is ready should render without crashing 1`] = `
<body>
  <div>
    <div
      data-testid="settingsCrumb"
    >
      <div
        class="settings _2rBeV _1z7Bn"
      >
        
        <div
          class="_Z0bIQ"
        >
          <div
            class="_3Loey _BNV4_"
            style="height: 40px; min-height: 40px;"
          >
            admin@konstellation.io
          </div>
          <div
            aria-hidden="true"
            class="rah-static rah-static--height-zero _3bqns"
            style="height: 0px; overflow: hidden;"
          >
            <div
              style="display: none;"
            />
          </div>
        </div>
      </div>
    </div>
  </div>
</body>
`;
