// Jest Snapshot v1, https://goo.gl/fbAQLP

exports[`ProjectSelector component should render without crashing 1`] = `
<div
  className="container"
>
  <ul>
    <NavLink
      activeClassName="selectedProject"
      className="project"
      key="foo"
      onClick={[MockFunction]}
      to="/server/bar/project/foo"
    >
      <li
        className="projectName"
      >
        bar
      </li>
    </NavLink>
  </ul>
  <P
    Icon={
      Object {
        "$$typeof": Symbol(react.memo),
        "compare": null,
        "displayName": "AddIcon",
        "muiName": "SvgIcon",
        "type": Object {
          "$$typeof": Symbol(react.forward_ref),
          "render": [Function],
        },
      }
    }
    className="addProjectButton"
    label="NEW PROJECT"
    to="/server/bar/new-project"
  />
</div>
`;
