// Jest Snapshot v1, https://goo.gl/fbAQLP

exports[`When data is ready should render without crashing 1`] = `
<body>
  <div>
    <div
      class="container"
      data-testid="sortProjects"
    >
      <p
        class="label"
      >
        SORT BY
      </p>
      <div
        class="_2rBeV _1z7Bn"
      >
        
        <div
          class="_Z0bIQ"
        >
          <div
            class="_3Loey"
            style="height: 40px;"
          >
            Creation date
          </div>
          <div
            class="_3bqns"
            style="max-height: 0;"
          />
        </div>
      </div>
    </div>
  </div>
</body>
`;
