// Jest Snapshot v1, https://goo.gl/fbAQLP

exports[`ErrorBox component Component match snapshot 1`] = `
<div
  className="container"
>
  <AnimateHeight
    animateOpacity={false}
    animationStateClasses={
      Object {
        "animating": "rah-animating",
        "animatingDown": "rah-animating--down",
        "animatingToHeightAuto": "rah-animating--to-height-auto",
        "animatingToHeightSpecific": "rah-animating--to-height-specific",
        "animatingToHeightZero": "rah-animating--to-height-zero",
        "animatingUp": "rah-animating--up",
        "static": "rah-static",
        "staticHeightAuto": "rah-static--height-auto",
        "staticHeightSpecific": "rah-static--height-specific",
        "staticHeightZero": "rah-static--height-zero",
      }
    }
    applyInlineTransitions={true}
    className="box"
    delay={0}
    duration={300}
    easing="ease"
    height={40}
    style={Object {}}
  >
    <div
      className="titleRow"
      onClick={[Function]}
    >
      <p
        className="title"
      >
        Some title
      </p>
      <div
        className="openButton"
        onClick={[Function]}
      >
        <KeyboardArrowDownIcon
          className="icon-regular"
        />
      </div>
    </div>
    <p
      className="message"
    >
      Some message
    </p>
    <div
      className="buttons"
    >
      <P
        Icon={
          Object {
            "$$typeof": Symbol(react.memo),
            "compare": null,
            "displayName": "RefreshIcon",
            "muiName": "SvgIcon",
            "type": Object {
              "$$typeof": Symbol(react.forward_ref),
              "render": [Function],
            },
          }
        }
        label="Some action"
        onClick={[MockFunction]}
      />
      <P
        label="HOW TO SOLVE"
        onClick={[Function]}
      />
    </div>
  </AnimateHeight>
  <div
    className="submessage"
  >
    <span>
      Not resolved?
    </span>
    <span
      className="contact"
      onClick={[Function]}
    >
      contact us.
    </span>
  </div>
</div>
`;
