// Jest Snapshot v1, https://goo.gl/fbAQLP

exports[`Servers component Component match snapshot 1`] = `
<div
  className="container"
>
  <ServersBar
    nServers={3}
    setValue={[Function]}
  />
  <div
    className="content"
  >
    <ServersSection
      ServerComponent={[Function]}
      servers={
        Array [
          Object {
            "type": "local",
          },
        ]
      }
      subtitle="ONLY ONE LOCAL SERVER IS AVAILABLE IN KONSTELLATION"
      title="LOCAL SERVER"
    />
    <ServersSection
      ServerComponent={[Function]}
      addServerRoute="/connect-to-remote-server"
      servers={
        Array [
          Object {
            "type": "remote",
          },
          Object {
            "type": "remote",
          },
        ]
      }
      subtitle="YOU MAY HAVE AS MANY SERVERS AS YOU WANT"
      title="REMOTE SERVERS"
    />
  </div>
</div>
`;
